// Jest Snapshot v1, https://goo.gl/fbAQLP

exports[`QueueService personalizeQuestions hides details of other students 1`] = `
ListQuestionsResponse {
  "groups": Array [],
  "priorityQueue": Array [],
  "questionsGettingHelp": Array [],
  "queue": Array [
    QuestionModel {
      "closedAt": null,
      "createdAt": 2020-11-02T12:00:00.000Z,
      "creator": UserModel {
        "defaultMessage": null,
        "email": "user@neu.edu",
        "firstName": "User",
        "id": 1,
        "includeDefaultMessage": true,
        "lastName": "Person",
        "photoURL": null,
      },
      "groupable": true,
      "helpedAt": null,
      "id": 1,
      "location": null,
      "questionType": "Other",
      "status": "Queued",
      "taHelped": null,
      "text": "help us",
    },
    QuestionModel {
      "closedAt": null,
      "createdAt": 2020-11-02T12:00:00.000Z,
      "creator": UserModel {
        "id": 2,
      },
      "groupable": true,
      "helpedAt": null,
      "id": 2,
      "location": null,
      "questionType": "Other",
      "status": "Queued",
      "taHelped": null,
      "text": "help someone else",
    },
  ],
  "unresolvedAlerts": Array [],
  "yourQuestion": QuestionModel {
    "closedAt": null,
    "createdAt": 2020-11-02T12:00:00.000Z,
    "creator": UserModel {
      "defaultMessage": null,
      "desktopNotifsEnabled": false,
      "email": "user@neu.edu",
      "firstName": "User",
      "hideInsights": Array [],
      "id": 1,
      "includeDefaultMessage": true,
      "insights": Array [
        "TotalStudents",
        "TotalQuestionsAsked",
        "MedianWaitTime",
        "QuestionTypeBreakdown",
        "MostActiveStudents",
        "QuestionToStudentRatio",
        "MedianHelpingTime",
      ],
      "lastName": "Person",
      "name": "User Person",
      "phoneNotifsEnabled": false,
      "photoURL": null,
    },
    "creatorId": 1,
    "firstHelpedAt": null,
    "groupId": null,
    "groupable": true,
    "helpedAt": null,
    "id": 1,
    "location": null,
    "questionType": "Other",
    "queueId": 1,
    "status": "Queued",
    "taHelped": null,
    "taHelpedId": null,
    "text": "help us",
  },
}
`;
