// Jest Snapshot v1, https://goo.gl/fbAQLP

exports[`Profile Integration GET /profile returns the logged-in user profile 1`] = `
Object {
  "courses": Array [
    Object {
      "course": Object {
        "id": 1,
        "name": "CS 2500",
      },
      "role": "student",
    },
  ],
  "defaultMessage": null,
  "desktopNotifs": Array [],
  "desktopNotifsEnabled": false,
  "email": "user@ubc.ca",
  "firstName": "User",
  "id": 1,
  "includeDefaultMessage": true,
  "insights": Array [
    "TotalStudents",
    "TotalQuestionsAsked",
    "MedianWaitTime",
    "QuestionTypeBreakdown",
    "MostActiveStudents",
    "QuestionToStudentRatio",
    "MedianHelpingTime",
  ],
  "lastName": "Person",
  "name": "User Person",
  "organization": Object {
    "id": 1,
    "orgId": 1,
    "organizationDescription": "UBC Okanagan",
    "organizationLogoUrl": null,
    "organizationName": "UBCO",
    "organizationRole": "member",
  },
  "phoneNotifsEnabled": false,
  "photoURL": null,
  "sid": null,
  "userRole": "user",
}
`;
