// Jest Snapshot v1, https://goo.gl/fbAQLP

exports[`Question Integration GET /questions/:id gets a question with the given id 1`] = `
Object {
  "closedAt": null,
  "createdAt": "2020-03-01T05:00:00.000Z",
  "creator": Object {
    "accountDeactivated": false,
    "defaultMessage": null,
    "email": "user@ubc.ca",
    "firstName": "User",
    "id": 1,
    "includeDefaultMessage": true,
    "insights": Array [
      "TotalStudents",
      "TotalQuestionsAsked",
      "MedianWaitTime",
      "QuestionTypeBreakdown",
      "MostActiveStudents",
      "QuestionToStudentRatio",
      "MedianHelpingTime",
    ],
    "lastName": "Person",
    "name": "User Person",
    "password": null,
    "photoURL": null,
    "sid": null,
    "userRole": "user",
  },
  "groupable": true,
  "helpedAt": null,
  "id": 1,
  "location": null,
  "questionTypes": Array [
    Object {
      "cid": 1,
      "color": "#000000",
      "id": 1,
      "name": "Question Type",
    },
  ],
  "status": "Queued",
  "taHelped": null,
  "text": "Help pls",
}
`;
